// Jest Snapshot v1, https://goo.gl/fbAQLP

exports[`app with running server registers migrations 1`] = `
Array [
  Object {
    "text": "CREATE TABLE IF NOT EXISTS koa_users (
        email  VARCHAR(45) PRIMARY KEY,
        name   VARCHAR(45)
      );",
  },
  Object {
    "text": "CREATE TABLE IF NOT EXISTS chat_messages (
        room  VARCHAR(45),
        date  TIMESTAMP,
        message   TEXT,
        PRIMARY KEY(room, date)
      );",
  },
]
`;
